// Jest Snapshot v1, https://goo.gl/fbAQLP

exports[`Tabs component renders without crashing 1`] = `
<DocumentFragment>
  <div
    class="tabs "
    role="tablist"
  >
    <div
      class="tab-list-item active"
    >
      <button
        aria-controls="Test tab title 1"
        aria-selected="true"
        class="tab-btn  "
        role="tab"
      >
        Test tab title 1
      </button>
    </div>
    <div
      class="tab-list-item"
    >
      <button
        aria-controls="Test tab title 2"
        aria-selected="false"
        class="tab-btn  "
        role="tab"
      >
        Test tab title 2
      </button>
    </div>
  </div>
  <div
    aria-labelledby="Test tab title 1"
    class="tab-container"
    id="Test tab title 1"
    role="tabpanel"
  >
    <p>
      Test tab content 1
    </p>
  </div>
</DocumentFragment>
`;
