// Jest Snapshot v1, https://goo.gl/fbAQLP

exports[`Welcome banner renders without crashing 1`] = `
<DocumentFragment>
  <section
    class="welcome-banner"
  >
    <div
      class="welcome-banner__container"
    >
      <h1
        class="welcome-banner__title"
      >
        Title
      </h1>
      <p
        class="welcome-banner__intro"
      >
        Intro copy
      </p>
      <div
        class="welcome-banner__content"
      >
        Children content
      </div>
    </div>
  </section>
</DocumentFragment>
`;
